epic test

Microsoft Windows [Version 10.0.19042.928]
(c) Microsoft Corporation. All rights reserved.

C:\Users\fredd>git help
usage: git [--version] [--help] [-C <path>] [-c <name>=<value>]
           [--exec-path[=<path>]] [--html-path] [--man-path] [--info-path]
           [-p | --paginate | -P | --no-pager] [--no-replace-objects] [--bare]
           [--git-dir=<path>] [--work-tree=<path>] [--namespace=<name>]
           <command> [<args>]

These are common Git commands used in various situations:

start a working area (see also: git help tutorial)
   clone             Clone a repository into a new directory
   init              Create an empty Git repository or reinitialize an existing one

work on the current change (see also: git help everyday)
   add               Add file contents to the index
   mv                Move or rename a file, a directory, or a symlink
   restore           Restore working tree files
   rm                Remove files from the working tree and from the index
   sparse-checkout   Initialize and modify the sparse-checkout

examine the history and state (see also: git help revisions)
   bisect            Use binary search to find the commit that introduced a bug
   diff              Show changes between commits, commit and working tree, etc
   grep              Print lines matching a pattern
   log               Show commit logs
   show              Show various types of objects
   status            Show the working tree status

grow, mark and tweak your common history
   branch            List, create, or delete branches
   commit            Record changes to the repository
   merge             Join two or more development histories together
   rebase            Reapply commits on top of another base tip
   reset             Reset current HEAD to the specified state
   switch            Switch branches
   tag               Create, list, delete or verify a tag object signed with GPG

collaborate (see also: git help workflows)
   fetch             Download objects and refs from another repository
   pull              Fetch from and integrate with another repository or a local branch
   push              Update remote refs along with associated objects

'git help -a' and 'git help -g' list available subcommands and some
concept guides. See 'git help <command>' or 'git help <concept>'
to read about a specific subcommand or concept.
See 'git help git' for an overview of the system.

C:\Users\fredd>android studio projects
'android' is not recognized as an internal or external command,
operable program or batch file.

C:\Users\fredd>cd AndroidStudioProjects

C:\Users\fredd\AndroidStudioProjects>
C:\Users\fredd\AndroidStudioProjects>mkdir test

C:\Users\fredd\AndroidStudioProjects>cd test

C:\Users\fredd\AndroidStudioProjects\test>git init
Initialized empty Git repository in C:/Users/fredd/AndroidStudioProjects/test/.git/

C:\Users\fredd\AndroidStudioProjects\test>ls
'ls' is not recognized as an internal or external command,
operable program or batch file.

C:\Users\fredd\AndroidStudioProjects\test>dir
 Volume in drive C is OS
 Volume Serial Number is 1A24-5B2F

 Directory of C:\Users\fredd\AndroidStudioProjects\test

03/09/2021  10:20    <DIR>          .
03/09/2021  10:20    <DIR>          ..
               0 File(s)              0 bytes
               2 Dir(s)  87,365,861,376 bytes free

C:\Users\fredd\AndroidStudioProjects\test>dir -a
 Volume in drive C is OS
 Volume Serial Number is 1A24-5B2F

 Directory of C:\Users\fredd\AndroidStudioProjects\test

File Not Found

C:\Users\fredd\AndroidStudioProjects\test>dir /ah
 Volume in drive C is OS
 Volume Serial Number is 1A24-5B2F

 Directory of C:\Users\fredd\AndroidStudioProjects\test

03/09/2021  10:20    <DIR>          .git
               0 File(s)              0 bytes
               1 Dir(s)  87,365,713,920 bytes free

C:\Users\fredd\AndroidStudioProjects\test>git status
On branch master

No commits yet

Untracked files:
  (use "git add <file>..." to include in what will be committed)
        epictest.txt

nothing added to commit but untracked files present (use "git add" to track)

C:\Users\fredd\AndroidStudioProjects\test>git add
Nothing specified, nothing added.
hint: Maybe you wanted to say 'git add .'?
hint: Turn this message off by running
hint: "git config advice.addEmptyPathspec false"

C:\Users\fredd\AndroidStudioProjects\test>git add epictest.txt

C:\Users\fredd\AndroidStudioProjects\test>git status
On branch master

No commits yet

Changes to be committed:
  (use "git rm --cached <file>..." to unstage)
        new file:   epictest.txt


C:\Users\fredd\AndroidStudioProjects\test>.git
'.git' is not recognized as an internal or external command,
operable program or batch file.

C:\Users\fredd\AndroidStudioProjects\test>dir
 Volume in drive C is OS
 Volume Serial Number is 1A24-5B2F

 Directory of C:\Users\fredd\AndroidStudioProjects\test

03/09/2021  10:24    <DIR>          .
03/09/2021  10:24    <DIR>          ..
03/09/2021  10:24                 9 epictest.txt
               1 File(s)              9 bytes
               2 Dir(s)  87,360,507,904 bytes free

C:\Users\fredd\AndroidStudioProjects\test>dir / ah
 Volume in drive C is OS
 Volume Serial Number is 1A24-5B2F

 Directory of C:\Users\fredd\AndroidStudioProjects\test

03/09/2021  10:25    <DIR>          .git
               0 File(s)              0 bytes
               1 Dir(s)  87,363,719,168 bytes free

C:\Users\fredd\AndroidStudioProjects\test>dir /ah
 Volume in drive C is OS
 Volume Serial Number is 1A24-5B2F

 Directory of C:\Users\fredd\AndroidStudioProjects\test

03/09/2021  10:25    <DIR>          .git
               0 File(s)              0 bytes
               1 Dir(s)  87,363,670,016 bytes free

C:\Users\fredd\AndroidStudioProjects\test>